
> duka2@1.0.0 dev:prod /app
> cross-env NODE_OPTIONS=--no-deprecation rm -rf .next && pnpm build && pnpm start


> duka2@1.0.0 build /app
> cross-env NODE_OPTIONS="--no-deprecation --max-old-space-size=3072" next build

   ▲ Next.js 15.4.7

   Creating an optimized production build ...
[baseline-browser-mapping] The data in this module is over two months old.  To ensure accurate Baseline data, please update: `npm i baseline-browser-mapping@latest -D`
Browserslist: browsers data (caniuse-lite) is 9 months old. Please run:
  npx update-browserslist-db@latest
  Why you should do it regularly: https://github.com/browserslist/update-db#readme
 ✓ Compiled successfully in 114s
   Skipping validation of types
   Skipping linting
   Collecting page data ...
   Generating static pages (0/50) ...
   Generating static pages (12/50)
   Generating static pages (24/50)
   Generating static pages (37/50)
Error occurred prerendering page "/privacy". Read more: https://nextjs.org/docs/messages/prerender-error
Error: Error: missing secret key. A secret key is needed to secure Payload.
    at d5.init (.next/server/chunks/2683.js:137:11192)
    at async d9 (.next/server/chunks/2683.js:137:15091)
    at async g (.next/server/chunks/3058.js:56:21197) {
  payloadInitError: true,
  digest: '3265983628'
}
Export encountered an error on /(frontend)/privacy/page: /privacy, exiting the build.
 ⨯ Next.js build worker exited with code: 1 and signal: null
 ELIFECYCLE  Command failed with exit code 1.
 ELIFECYCLE  Command failed with exit code 1.
